Archive member included because of file (symbol)

/home/massri/bin/arm-2011.03/bin/../lib/gcc/arm-none-eabi/4.5.2/../../../../arm-none-eabi/lib/thumb2/libc.a(lib_a-ctype_.o)
                              ../core/openbeacon/src/debug_printf.o (__ctype_ptr__)
/home/massri/bin/arm-2011.03/bin/../lib/gcc/arm-none-eabi/4.5.2/../../../../arm-none-eabi/lib/thumb2/libc.a(lib_a-memcpy.o)
                              src/nRF_CMD.o (memcpy)
/home/massri/bin/arm-2011.03/bin/../lib/gcc/arm-none-eabi/4.5.2/../../../../arm-none-eabi/lib/thumb2/libc.a(lib_a-memset.o)
                              src/main.o (memset)
/home/massri/bin/arm-2011.03/bin/../lib/gcc/arm-none-eabi/4.5.2/../../../../arm-none-eabi/lib/thumb2/libc.a(lib_a-strncpy.o)
                              ../core/openbeacon/src/vfs.o (strncpy)
/home/massri/bin/arm-2011.03/bin/../lib/gcc/arm-none-eabi/4.5.2/../../../../arm-none-eabi/lib/thumb2/libc.a(lib_a-strnlen.o)
                              ../core/openbeacon/src/debug_printf.o (strnlen)

Discarded input sections

 .text          0x00000000        0x0 src/main.o
 .data          0x00000000        0x0 src/main.o
 .bss           0x00000000        0x0 src/main.o
 .text.nrf_off  0x00000000       0x18 src/main.o
 .text.checkSleepForever
                0x00000000       0xbc src/main.o
 .text          0x00000000        0x0 src/pmu.o
 .data          0x00000000        0x0 src/pmu.o
 .bss           0x00000000        0x0 src/pmu.o
 .text          0x00000000        0x0 src/nRF_CMD.o
 .data          0x00000000        0x0 src/nRF_CMD.o
 .bss           0x00000000        0x0 src/nRF_CMD.o
 .text.nRFCMD_GetRegSize
                0x00000000       0x20 src/nRF_CMD.o
 .text.nRFCMD_ExecMacro
                0x00000000       0x30 src/nRF_CMD.o
 .text.nRFCMD_RegisterDump
                0x00000000      0x108 src/nRF_CMD.o
 .text.nRFCMD_Shutdown
                0x00000000       0x34 src/nRF_CMD.o
 .rodata.CSWTCH.5
                0x00000000        0x8 src/nRF_CMD.o
 .rodata.str1.4
                0x00000000       0x34 src/nRF_CMD.o
 .text          0x00000000        0x0 src/nRF_API.o
 .data          0x00000000        0x0 src/nRF_API.o
 .bss           0x00000000        0x0 src/nRF_API.o
 .text.nRFAPI_TxRetries
                0x00000000       0x14 src/nRF_API.o
 .text.nRFAPI_PipesEnable
                0x00000000        0xc src/nRF_API.o
 .text.nRFAPI_PipesAck
                0x00000000        0xc src/nRF_API.o
 .text.nRFAPI_GetSizeMac
                0x00000000       0x14 src/nRF_API.o
 .text.nRFAPI_SetSizeMac
                0x00000000       0x28 src/nRF_API.o
 .text.nRFAPI_GetTxMAC
                0x00000000       0x14 src/nRF_API.o
 .text.nRFAPI_SetTxMAC
                0x00000000       0x14 src/nRF_API.o
 .text.nRFAPI_SetRxMAC
                0x00000000       0x38 src/nRF_API.o
 .text.nRFAPI_SetChannel
                0x00000000        0xc src/nRF_API.o
 .text.nRFAPI_GetChannel
                0x00000000       0x10 src/nRF_API.o
 .text.nRFAPI_GetStatus
                0x00000000        0x8 src/nRF_API.o
 .text.nRFAPI_GetPipeSizeRX
                0x00000000       0x10 src/nRF_API.o
 .text.nRFAPI_SetPipeSizeRX
                0x00000000       0x14 src/nRF_API.o
 .text.nRFAPI_GetPipeCurrent
                0x00000000       0x10 src/nRF_API.o
 .text.nRFAPI_RX
                0x00000000       0x48 src/nRF_API.o
 .text.nRFAPI_ReuseTX
                0x00000000        0x8 src/nRF_API.o
 .text.nRFAPI_SetFeatures
                0x00000000       0x34 src/nRF_API.o
 .text          0x00000000        0x0 src/storage.o
 .data          0x00000000        0x0 src/storage.o
 .bss           0x00000000        0x0 src/storage.o
 .text.storage_flags
                0x00000000       0x28 src/storage.o
 .text          0x00000000        0x0 src/customIO.o
 .data          0x00000000        0x0 src/customIO.o
 .bss           0x00000000        0x0 src/customIO.o
 .text          0x00000000        0x0 src/bluetooth.o
 .data          0x00000000        0x0 src/bluetooth.o
 .bss           0x00000000        0x0 src/bluetooth.o
 .text          0x00000000        0x0 src/dtn_queue.o
 .data          0x00000000        0x0 src/dtn_queue.o
 .bss           0x00000000        0x0 src/dtn_queue.o
 .text.IsFull   0x00000000       0x10 src/dtn_queue.o
 .text.Succ     0x00000000        0xc src/dtn_queue.o
 .text.Dequeue  0x00000000       0x18 src/dtn_queue.o
 .text.FrontAndDequeue
                0x00000000       0x80 src/dtn_queue.o
 .text.SortQueue
                0x00000000       0xb0 src/dtn_queue.o
 .text          0x00000000        0x0 src/3d_acceleration.o
 .data          0x00000000        0x0 src/3d_acceleration.o
 .bss           0x00000000        0x0 src/3d_acceleration.o
 .text.acc_xyz_read
                0x00000000       0x94 src/3d_acceleration.o
 .text          0x00000000        0x0 ../core/cmsis/src/core_cm3.o
 .data          0x00000000        0x0 ../core/cmsis/src/core_cm3.o
 .bss           0x00000000        0x0 ../core/cmsis/src/core_cm3.o
 .text.__get_PSP
                0x00000000        0x8 ../core/cmsis/src/core_cm3.o
 .text.__set_PSP
                0x00000000        0x8 ../core/cmsis/src/core_cm3.o
 .text.__get_MSP
                0x00000000        0x8 ../core/cmsis/src/core_cm3.o
 .text.__set_MSP
                0x00000000        0x8 ../core/cmsis/src/core_cm3.o
 .text.__get_BASEPRI
                0x00000000        0x8 ../core/cmsis/src/core_cm3.o
 .text.__set_BASEPRI
                0x00000000        0x8 ../core/cmsis/src/core_cm3.o
 .text.__get_PRIMASK
                0x00000000        0x8 ../core/cmsis/src/core_cm3.o
 .text.__set_PRIMASK
                0x00000000        0x8 ../core/cmsis/src/core_cm3.o
 .text.__get_FAULTMASK
                0x00000000        0x8 ../core/cmsis/src/core_cm3.o
 .text.__set_FAULTMASK
                0x00000000        0x8 ../core/cmsis/src/core_cm3.o
 .text.__get_CONTROL
                0x00000000        0x8 ../core/cmsis/src/core_cm3.o
 .text.__set_CONTROL
                0x00000000        0x8 ../core/cmsis/src/core_cm3.o
 .text.__REV    0x00000000        0x4 ../core/cmsis/src/core_cm3.o
 .text.__REV16  0x00000000        0x4 ../core/cmsis/src/core_cm3.o
 .text.__REVSH  0x00000000        0x4 ../core/cmsis/src/core_cm3.o
 .text.__LDREXB
                0x00000000        0x8 ../core/cmsis/src/core_cm3.o
 .text.__LDREXH
                0x00000000        0x8 ../core/cmsis/src/core_cm3.o
 .text.__LDREXW
                0x00000000        0x8 ../core/cmsis/src/core_cm3.o
 .text.__STREXW
                0x00000000        0x8 ../core/cmsis/src/core_cm3.o
 .text          0x00000000        0x0 ../core/cmsis/src/system_LPC13xx.o
 .data          0x00000000        0x0 ../core/cmsis/src/system_LPC13xx.o
 .bss           0x00000000        0x0 ../core/cmsis/src/system_LPC13xx.o
 .text          0x00000000        0x0 ../core/startup/LPC13xx.o
 .data          0x00000000        0x0 ../core/startup/LPC13xx.o
 .bss           0x00000000        0x0 ../core/startup/LPC13xx.o
 .text          0x00000000        0x0 ../core/peripherals/src/uart.o
 .data          0x00000000        0x0 ../core/peripherals/src/uart.o
 .bss           0x00000000        0x0 ../core/peripherals/src/uart.o
 .text.UARTSend
                0x00000000       0x20 ../core/peripherals/src/uart.o
 .text          0x00000000        0x0 ../core/peripherals/src/gpio.o
 .data          0x00000000        0x0 ../core/peripherals/src/gpio.o
 .bss           0x00000000        0x0 ../core/peripherals/src/gpio.o
 .text          0x00000000        0x0 ../core/peripherals/src/usb/cdcusbdesc.o
 .data          0x00000000        0x0 ../core/peripherals/src/usb/cdcusbdesc.o
 .bss           0x00000000        0x0 ../core/peripherals/src/usb/cdcusbdesc.o
 .text          0x00000000        0x0 ../core/peripherals/src/usb/cdcuser.o
 .data          0x00000000        0x0 ../core/peripherals/src/usb/cdcuser.o
 .bss           0x00000000        0x0 ../core/peripherals/src/usb/cdcuser.o
 .text          0x00000000        0x0 ../core/peripherals/src/usb/usbcore.o
 .data          0x00000000        0x0 ../core/peripherals/src/usb/usbcore.o
 .bss           0x00000000        0x0 ../core/peripherals/src/usb/usbcore.o
 .text          0x00000000        0x0 ../core/peripherals/src/usb/usbhw.o
 .data          0x00000000        0x0 ../core/peripherals/src/usb/usbhw.o
 .bss           0x00000000        0x0 ../core/peripherals/src/usb/usbhw.o
 .text          0x00000000        0x0 ../core/peripherals/src/usb/usbuser.o
 .data          0x00000000        0x0 ../core/peripherals/src/usb/usbuser.o
 .bss           0x00000000        0x0 ../core/peripherals/src/usb/usbuser.o
 .text          0x00000000        0x0 ../core/freertos/src/heap_2.o
 .data          0x00000000        0x0 ../core/freertos/src/heap_2.o
 .bss           0x00000000        0x0 ../core/freertos/src/heap_2.o
 .text          0x00000000        0x0 ../core/freertos/src/list.o
 .data          0x00000000        0x0 ../core/freertos/src/list.o
 .bss           0x00000000        0x0 ../core/freertos/src/list.o
 .text          0x00000000        0x0 ../core/freertos/src/port.o
 .data          0x00000000        0x0 ../core/freertos/src/port.o
 .bss           0x00000000        0x0 ../core/freertos/src/port.o
 .text          0x00000000        0x0 ../core/freertos/src/queue.o
 .data          0x00000000        0x0 ../core/freertos/src/queue.o
 .bss           0x00000000        0x0 ../core/freertos/src/queue.o
 .text          0x00000000        0x0 ../core/freertos/src/tasks.o
 .data          0x00000000        0x0 ../core/freertos/src/tasks.o
 .bss           0x00000000        0x0 ../core/freertos/src/tasks.o
 .text          0x00000000        0x0 ../core/openbeacon/src/msd.o
 .data          0x00000000        0x0 ../core/openbeacon/src/msd.o
 .bss           0x00000000        0x0 ../core/openbeacon/src/msd.o
 .text          0x00000000        0x0 ../core/openbeacon/src/vfs.o
 .data          0x00000000        0x0 ../core/openbeacon/src/vfs.o
 .bss           0x00000000        0x0 ../core/openbeacon/src/vfs.o
 .text.vfs_status
                0x00000000        0x4 ../core/openbeacon/src/vfs.o
 .text          0x00000000        0x0 ../core/openbeacon/src/hid.o
 .data          0x00000000        0x0 ../core/openbeacon/src/hid.o
 .bss           0x00000000        0x0 ../core/openbeacon/src/hid.o
 .text          0x00000000        0x0 ../core/openbeacon/src/spi.o
 .data          0x00000000        0x0 ../core/openbeacon/src/spi.o
 .bss           0x00000000        0x0 ../core/openbeacon/src/spi.o
 .text.spi_txrx_done
                0x00000000       0x28 ../core/openbeacon/src/spi.o
 .text.spi_close
                0x00000000       0x78 ../core/openbeacon/src/spi.o
 .text          0x00000000        0x0 ../core/openbeacon/src/iap.o
 .data          0x00000000        0x0 ../core/openbeacon/src/iap.o
 .bss           0x00000000        0x0 ../core/openbeacon/src/iap.o
 .text.iap_invoke_isp
                0x00000000       0x14 ../core/openbeacon/src/iap.o
 .rodata.cmd.5476
                0x00000000        0x4 ../core/openbeacon/src/iap.o
 .text          0x00000000        0x0 ../core/openbeacon/src/crc8.o
 .data          0x00000000        0x0 ../core/openbeacon/src/crc8.o
 .bss           0x00000000        0x0 ../core/openbeacon/src/crc8.o
 .text          0x00000000        0x0 ../core/openbeacon/src/crc16.o
 .data          0x00000000        0x0 ../core/openbeacon/src/crc16.o
 .bss           0x00000000        0x0 ../core/openbeacon/src/crc16.o
 .text.icrc16   0x00000000       0xcc ../core/openbeacon/src/crc16.o
 .text          0x00000000        0x0 ../core/openbeacon/src/xxtea.o
 .data          0x00000000        0x0 ../core/openbeacon/src/xxtea.o
 .bss           0x00000000        0x0 ../core/openbeacon/src/xxtea.o
 .text          0x00000000        0x0 ../core/openbeacon/src/rfid.o
 .data          0x00000000        0x0 ../core/openbeacon/src/rfid.o
 .bss           0x00000000        0x0 ../core/openbeacon/src/rfid.o
 .text          0x00000000        0x0 ../core/openbeacon/src/persistent.o
 .data          0x00000000        0x0 ../core/openbeacon/src/persistent.o
 .bss           0x00000000        0x0 ../core/openbeacon/src/persistent.o
 .text          0x00000000        0x0 ../core/openbeacon/src/debug_printf.o
 .data          0x00000000        0x0 ../core/openbeacon/src/debug_printf.o
 .bss           0x00000000        0x0 ../core/openbeacon/src/debug_printf.o
 .text.simple_strtoul
                0x00000000       0xec ../core/openbeacon/src/debug_printf.o
 .text.simple_strtol
                0x00000000       0x1c ../core/openbeacon/src/debug_printf.o
 .text          0x00000000        0x0 /home/massri/bin/arm-2011.03/bin/../lib/gcc/arm-none-eabi/4.5.2/../../../../arm-none-eabi/lib/thumb2/libc.a(lib_a-ctype_.o)
 .data          0x00000000        0x4 /home/massri/bin/arm-2011.03/bin/../lib/gcc/arm-none-eabi/4.5.2/../../../../arm-none-eabi/lib/thumb2/libc.a(lib_a-ctype_.o)
 .bss           0x00000000        0x0 /home/massri/bin/arm-2011.03/bin/../lib/gcc/arm-none-eabi/4.5.2/../../../../arm-none-eabi/lib/thumb2/libc.a(lib_a-ctype_.o)
 .rodata        0x00000000      0x104 /home/massri/bin/arm-2011.03/bin/../lib/gcc/arm-none-eabi/4.5.2/../../../../arm-none-eabi/lib/thumb2/libc.a(lib_a-ctype_.o)
 .data          0x00000000        0x0 /home/massri/bin/arm-2011.03/bin/../lib/gcc/arm-none-eabi/4.5.2/../../../../arm-none-eabi/lib/thumb2/libc.a(lib_a-memcpy.o)
 .bss           0x00000000        0x0 /home/massri/bin/arm-2011.03/bin/../lib/gcc/arm-none-eabi/4.5.2/../../../../arm-none-eabi/lib/thumb2/libc.a(lib_a-memcpy.o)
 .data          0x00000000        0x0 /home/massri/bin/arm-2011.03/bin/../lib/gcc/arm-none-eabi/4.5.2/../../../../arm-none-eabi/lib/thumb2/libc.a(lib_a-memset.o)
 .bss           0x00000000        0x0 /home/massri/bin/arm-2011.03/bin/../lib/gcc/arm-none-eabi/4.5.2/../../../../arm-none-eabi/lib/thumb2/libc.a(lib_a-memset.o)
 .data          0x00000000        0x0 /home/massri/bin/arm-2011.03/bin/../lib/gcc/arm-none-eabi/4.5.2/../../../../arm-none-eabi/lib/thumb2/libc.a(lib_a-strncpy.o)
 .bss           0x00000000        0x0 /home/massri/bin/arm-2011.03/bin/../lib/gcc/arm-none-eabi/4.5.2/../../../../arm-none-eabi/lib/thumb2/libc.a(lib_a-strncpy.o)
 .data          0x00000000        0x0 /home/massri/bin/arm-2011.03/bin/../lib/gcc/arm-none-eabi/4.5.2/../../../../arm-none-eabi/lib/thumb2/libc.a(lib_a-strnlen.o)
 .bss           0x00000000        0x0 /home/massri/bin/arm-2011.03/bin/../lib/gcc/arm-none-eabi/4.5.2/../../../../arm-none-eabi/lib/thumb2/libc.a(lib_a-strnlen.o)

Memory Configuration

Name             Origin             Length             Attributes
flash            0x00000000         0x00008000
ram              0x10000180         0x00001e80
*default*        0x00000000         0xffffffff

Linker script and memory map

LOAD src/main.o
LOAD src/pmu.o
LOAD src/nRF_CMD.o
LOAD src/nRF_API.o
LOAD src/storage.o
LOAD src/customIO.o
LOAD src/bluetooth.o
LOAD src/dtn_queue.o
LOAD src/3d_acceleration.o
LOAD ../core/cmsis/src/core_cm3.o
LOAD ../core/cmsis/src/system_LPC13xx.o
LOAD ../core/startup/LPC13xx.o
LOAD ../core/peripherals/src/uart.o
LOAD ../core/peripherals/src/gpio.o
LOAD ../core/peripherals/src/usb/cdcusbdesc.o
LOAD ../core/peripherals/src/usb/cdcuser.o
LOAD ../core/peripherals/src/usb/usbcore.o
LOAD ../core/peripherals/src/usb/usbhw.o
LOAD ../core/peripherals/src/usb/usbuser.o
LOAD ../core/freertos/src/heap_2.o
LOAD ../core/freertos/src/list.o
LOAD ../core/freertos/src/port.o
LOAD ../core/freertos/src/queue.o
LOAD ../core/freertos/src/tasks.o
LOAD ../core/openbeacon/src/msd.o
LOAD ../core/openbeacon/src/vfs.o
LOAD ../core/openbeacon/src/hid.o
LOAD ../core/openbeacon/src/spi.o
LOAD ../core/openbeacon/src/iap.o
LOAD ../core/openbeacon/src/crc8.o
LOAD ../core/openbeacon/src/crc16.o
LOAD ../core/openbeacon/src/xxtea.o
LOAD ../core/openbeacon/src/rfid.o
LOAD ../core/openbeacon/src/persistent.o
LOAD ../core/openbeacon/src/debug_printf.o
LOAD /home/massri/bin/arm-2011.03/bin/../lib/gcc/arm-none-eabi/4.5.2/../../../../arm-none-eabi/lib/thumb2/libm.a
START GROUP
LOAD /home/massri/bin/arm-2011.03/bin/../lib/gcc/arm-none-eabi/4.5.2/thumb2/libgcc.a
LOAD /home/massri/bin/arm-2011.03/bin/../lib/gcc/arm-none-eabi/4.5.2/../../../../arm-none-eabi/lib/thumb2/libc.a
END GROUP
                0x10001fe0                __stack_end__ = 0x10001fe0
                0x00000000                . = 0x0

startup
 *(.startup)

prog            0x00000000     0x5194
 *(.isr_vector)
 .isr_vector    0x00000000      0x124 ../core/startup/LPC13xx.o
                0x00000000                g_pfnVectors
 *(.text)
 .text          0x00000124      0x150 /home/massri/bin/arm-2011.03/bin/../lib/gcc/arm-none-eabi/4.5.2/../../../../arm-none-eabi/lib/thumb2/libc.a(lib_a-memcpy.o)
                0x00000124                memcpy
 .text          0x00000274       0xb4 /home/massri/bin/arm-2011.03/bin/../lib/gcc/arm-none-eabi/4.5.2/../../../../arm-none-eabi/lib/thumb2/libc.a(lib_a-memset.o)
                0x00000274                memset
 .text          0x00000328       0x78 /home/massri/bin/arm-2011.03/bin/../lib/gcc/arm-none-eabi/4.5.2/../../../../arm-none-eabi/lib/thumb2/libc.a(lib_a-strncpy.o)
                0x00000328                strncpy
 .text          0x000003a0       0x2c /home/massri/bin/arm-2011.03/bin/../lib/gcc/arm-none-eabi/4.5.2/../../../../arm-none-eabi/lib/thumb2/libc.a(lib_a-strnlen.o)
                0x000003a0                strnlen
 *(.text.*)
 .text.blink    0x000003cc       0xb4 src/main.o
                0x000003cc                blink
 .text.main     0x00000480      0xc2c src/main.o
                0x00000480                main
 .text.WAKEUP_IRQHandlerPIO0_8
                0x000010ac       0x5c src/pmu.o
                0x000010ac                WAKEUP_IRQHandlerPIO0_8
 .text.pmu_cancel_timer
                0x00001108       0x64 src/pmu.o
                0x00001108                pmu_cancel_timer
 .text.pmu_sleep_ms
                0x0000116c       0x98 src/pmu.o
                0x0000116c                pmu_sleep_ms
 .text.pmu_init
                0x00001204      0x128 src/pmu.o
                0x00001204                pmu_init
 .text.nRFCMD_IRQ
                0x0000132c       0x18 src/nRF_CMD.o
                0x0000132c                nRFCMD_IRQ
 .text.nRFCMD_CE
                0x00001344       0x1c src/nRF_CMD.o
                0x00001344                nRFCMD_CE
 .text.nRFCMD_Power
                0x00001360       0x14 src/nRF_CMD.o
                0x00001360                nRFCMD_Power
 .text.nRFCMD_ReadWriteBuffer
                0x00001374       0x20 src/nRF_CMD.o
                0x00001374                nRFCMD_ReadWriteBuffer
 .text.nRFCMD_CmdExec
                0x00001394       0x28 src/nRF_CMD.o
                0x00001394                nRFCMD_CmdExec
 .text.nRFCMD_RegRead
                0x000013bc       0x30 src/nRF_CMD.o
                0x000013bc                nRFCMD_RegRead
 .text.nRFCMD_RegWriteStatusRead
                0x000013ec       0x30 src/nRF_CMD.o
                0x000013ec                nRFCMD_RegWriteStatusRead
 .text.nRFCMD_RegWriteBuf
                0x0000141c       0x38 src/nRF_CMD.o
                0x0000141c                nRFCMD_RegWriteBuf
 .text.nRFCMD_RegReadBuf
                0x00001454       0x3c src/nRF_CMD.o
                0x00001454                nRFCMD_RegReadBuf
 .text.WAKEUP_IRQHandlerPIO1_9
                0x00001490       0x14 src/nRF_CMD.o
                0x00001490                WAKEUP_IRQHandlerPIO1_9
 .text.nRFCMD_Init
                0x000014a4       0x94 src/nRF_CMD.o
                0x000014a4                nRFCMD_Init
 .text.nRFAPI_DetectChip
                0x00001538       0x98 src/nRF_API.o
                0x00001538                nRFAPI_DetectChip
 .text.nRFAPI_SetRxMode
                0x000015d0       0x10 src/nRF_API.o
                0x000015d0                nRFAPI_SetRxMode
 .text.nRFAPI_PowerDown
                0x000015e0        0x8 src/nRF_API.o
                0x000015e0                nRFAPI_PowerDown
 .text.nRFAPI_Init
                0x000015e8       0xe4 src/nRF_API.o
                0x000015e8                nRFAPI_Init
 .text.nRFAPI_SetTxPower
                0x000016cc       0x18 src/nRF_API.o
                0x000016cc                nRFAPI_SetTxPower
 .text.nRFAPI_ClearIRQ
                0x000016e4        0xc src/nRF_API.o
                0x000016e4                nRFAPI_ClearIRQ
 .text.nRFAPI_TX
                0x000016f0        0xc src/nRF_API.o
                0x000016f0                nRFAPI_TX
 .text.nRFAPI_FlushRX
                0x000016fc        0x8 src/nRF_API.o
                0x000016fc                nRFAPI_FlushRX
 .text.nRFAPI_FlushTX
                0x00001704        0x8 src/nRF_API.o
                0x00001704                nRFAPI_FlushTX
 .text.nRFAPI_GetFifoStatus
                0x0000170c        0x8 src/nRF_API.o
                0x0000170c                nRFAPI_GetFifoStatus
 .text.nRFAPI_CarrierDetect
                0x00001714        0x8 src/nRF_API.o
                0x00001714                nRFAPI_CarrierDetect
 .text.storage_logfile_read_raw
                0x0000171c       0x34 src/storage.o
 .text.storage_logtxt_fmt
                0x00001750       0xa0 src/storage.o
 .text.storage_logtxt_read_raw
                0x000017f0       0xe8 src/storage.o
 .text.storage_items
                0x000018d8        0xc src/storage.o
                0x000018d8                storage_items
 .text.storage_erase
                0x000018e4       0x94 src/storage.o
                0x000018e4                storage_erase
 .text.storage_read
                0x00001978       0x38 src/storage.o
                0x00001978                storage_read
 .text.storage_write
                0x000019b0      0x100 src/storage.o
                0x000019b0                storage_write
 .text.storage_status
                0x00001ab0       0x5c src/storage.o
                0x00001ab0                storage_status
 .text.storage_init
                0x00001b0c      0x15c src/storage.o
                0x00001b0c                storage_init
 .text.cIO_putchchar
                0x00001c68       0x30 src/customIO.o
                0x00001c68                cIO_putchchar
                0x00001c68                default_putchar
 .text.cIO_snprintf
                0x00001c98       0x58 src/customIO.o
                0x00001c98                cIO_snprintf
 .text.bt_init  0x00001cf0      0x12c src/bluetooth.o
                0x00001cf0                bt_init
 .text.IsEmpty  0x00001e1c        0xc src/dtn_queue.o
                0x00001e1c                IsEmpty
 .text.MakeEmpty
                0x00001e28        0xc src/dtn_queue.o
                0x00001e28                MakeEmpty
 .text.Enqueue  0x00001e34       0x5c src/dtn_queue.o
                0x00001e34                Enqueue
 .text.Front    0x00001e90        0xc src/dtn_queue.o
                0x00001e90                Front
 .text.RotQueue
                0x00001e9c       0xa0 src/dtn_queue.o
                0x00001e9c                RotQueue
 .text.Contains
                0x00001f3c       0x3c src/dtn_queue.o
                0x00001f3c                Contains
 .text.acc_status
                0x00001f78       0x94 src/3d_acceleration.o
                0x00001f78                acc_status
 .text.acc_power
                0x0000200c       0xac src/3d_acceleration.o
                0x0000200c                acc_power
 .text.acc_init
                0x000020b8       0x40 src/3d_acceleration.o
                0x000020b8                acc_init
 .text.__RBIT   0x000020f8        0x8 ../core/cmsis/src/core_cm3.o
                0x000020f8                __RBIT
 .text.SystemCoreClockUpdate
                0x00002100       0xa4 ../core/cmsis/src/system_LPC13xx.o
                0x00002100                SystemCoreClockUpdate
 .text.SystemInit
                0x000021a4       0xc8 ../core/cmsis/src/system_LPC13xx.o
                0x000021a4                SystemInit
 .text.NMI_Handler
                0x0000226c        0x4 ../core/startup/LPC13xx.o
                0x0000226c                NMI_Handler
 .text.HardFault_Handler
                0x00002270        0x4 ../core/startup/LPC13xx.o
                0x00002270                HardFault_Handler
 .text.MemManage_Handler
                0x00002274        0x4 ../core/startup/LPC13xx.o
                0x00002274                MemManage_Handler
 .text.BusFault_Handler
                0x00002278        0x4 ../core/startup/LPC13xx.o
                0x00002278                BusFault_Handler
 .text.UsageFault_Handler
                0x0000227c        0x4 ../core/startup/LPC13xx.o
                0x0000227c                UsageFault_Handler
 .text.SVCall_Handler
                0x00002280        0x4 ../core/startup/LPC13xx.o
                0x00002280                SVCall_Handler
 .text.DebugMon_Handler
                0x00002284        0x4 ../core/startup/LPC13xx.o
                0x00002284                DebugMon_Handler
 .text.PendSV_Handler
                0x00002288        0x4 ../core/startup/LPC13xx.o
                0x00002288                PendSV_Handler
 .text.SysTick_Handler
                0x0000228c        0x4 ../core/startup/LPC13xx.o
                0x0000228c                SysTick_Handler
 .text.Reset_Handler
                0x00002290       0xa4 ../core/startup/LPC13xx.o
                0x00002290                Reset_Handler
                0x00002290                ResetISR
 .text.IntDefaultHandler
                0x00002334        0x4 ../core/startup/LPC13xx.o
                0x00002334                WAKEUP_IRQHandlerPIO2_8
                0x00002334                WAKEUP_IRQHandlerPIO2_6
                0x00002334                TIMER16_0_IRQHandler
                0x00002334                WAKEUP_IRQHandlerPIO3_1
                0x00002334                WAKEUP_IRQHandlerPIO2_9
                0x00002334                TIMER32_0_IRQHandler
                0x00002334                WAKEUP_IRQHandlerPIO3_0
                0x00002334                WAKEUP_IRQHandlerPIO2_0
                0x00002334                TIMER32_1_IRQHandler
                0x00002334                WAKEUP_IRQHandlerPIO0_6
                0x00002334                WAKEUP_IRQHandlerPIO0_5
                0x00002334                WAKEUP_IRQHandlerPIO0_1
                0x00002334                WAKEUP_IRQHandlerPIO2_2
                0x00002334                WAKEUP_IRQHandlerPIO1_10
                0x00002334                WAKEUP_IRQHandlerPIO0_4
                0x00002334                WAKEUP_IRQHandlerPIO0_7
                0x00002334                PIOINT1_IRQHandler
                0x00002334                SSP_IRQHandler
                0x00002334                WAKEUP_IRQHandlerPIO1_6
                0x00002334                WAKEUP_IRQHandlerPIO1_8
                0x00002334                WAKEUP_IRQHandlerPIO3_3
                0x00002334                WAKEUP_IRQHandlerPIO2_5
                0x00002334                TIMER16_1_IRQHandler
                0x00002334                USB_FIQHandler
                0x00002334                ADC_IRQHandler
                0x00002334                WAKEUP_IRQHandlerPIO0_0
                0x00002334                PIOINT2_IRQHandler
                0x00002334                WAKEUP_IRQHandlerPIO1_1
                0x00002334                WAKEUP_IRQHandlerPIO1_11
                0x00002334                BOD_IRQHandler
                0x00002334                PIOINT0_IRQHandler
                0x00002334                WAKEUP_IRQHandlerPIO1_0
                0x00002334                WAKEUP_IRQHandlerPIO1_3
                0x00002334                I2C_IRQHandler
                0x00002334                WAKEUP_IRQHandlerPIO0_9
                0x00002334                WDT_IRQHandler
                0x00002334                WAKEUP_IRQHandlerPIO0_3
                0x00002334                WAKEUP_IRQHandlerPIO0_11
                0x00002334                WAKEUP_IRQHandlerPIO2_1
                0x00002334                WAKEUP_IRQHandlerPIO2_4
                0x00002334                WAKEUP_IRQHandlerPIO0_10
                0x00002334                WAKEUP_IRQHandlerPIO1_4
                0x00002334                WAKEUP_IRQHandlerPIO3_2
                0x00002334                WAKEUP_IRQHandlerPIO1_7
                0x00002334                PIOINT3_IRQHandler
                0x00002334                WAKEUP_IRQHandlerPIO2_10
                0x00002334                FMC_IRQHandler
                0x00002334                WAKEUP_IRQHandlerPIO2_3
                0x00002334                WAKEUP_IRQHandlerPIO0_2
                0x00002334                WAKEUP_IRQHandlerPIO2_7
                0x00002334                WAKEUP_IRQHandlerPIO2_11
                0x00002334                WAKEUP_IRQHandlerPIO1_2
                0x00002334                WAKEUP_IRQHandlerPIO1_5
 .text.UART_IRQHandler
                0x00002338       0x98 ../core/peripherals/src/uart.o
                0x00002338                UART_IRQHandler
 .text.UARTInit
                0x000023d0       0xc0 ../core/peripherals/src/uart.o
                0x000023d0                UARTInit
 .text.UARTSendChar
                0x00002490       0x18 ../core/peripherals/src/uart.o
                0x00002490                UARTSendChar
 .text.GPIOInit
                0x000024a8       0x14 ../core/peripherals/src/gpio.o
                0x000024a8                GPIOInit
 .text.USB_IRQHandler
                0x000024bc       0x14 ../core/openbeacon/src/msd.o
                0x000024bc                USB_IRQHandler
 .text.msd_init
                0x000024d0       0x68 ../core/openbeacon/src/msd.o
                0x000024d0                msd_init
 .text.msd_read_fat_area
                0x00002538      0x2dc ../core/openbeacon/src/vfs.o
 .text.msd_read_memory
                0x00002814       0x10 ../core/openbeacon/src/vfs.o
 .text.msd_read_data_area
                0x00002824      0x128 ../core/openbeacon/src/vfs.o
 .text.msd_read_root_dir
                0x0000294c      0x1d4 ../core/openbeacon/src/vfs.o
 .text.msd_read
                0x00002b20      0x524 ../core/openbeacon/src/vfs.o
                0x00002b20                msd_read
 .text.msd_write
                0x00003044        0x4 ../core/openbeacon/src/vfs.o
                0x00003044                msd_write
 .text.vfs_init
                0x00003048       0x10 ../core/openbeacon/src/vfs.o
                0x00003048                vfs_init
 .text.spi_init_pin
                0x00003058       0x20 ../core/openbeacon/src/spi.o
                0x00003058                spi_init_pin
 .text.spi_txrx
                0x00003078      0x14c ../core/openbeacon/src/spi.o
                0x00003078                spi_txrx
 .text.spi_status
                0x000031c4       0x38 ../core/openbeacon/src/spi.o
                0x000031c4                spi_status
 .text.spi_init
                0x000031fc       0x44 ../core/openbeacon/src/spi.o
                0x000031fc                spi_init
 .text.iap_read_uid
                0x00003240       0x14 ../core/openbeacon/src/iap.o
                0x00003240                iap_read_uid
 .text.crc8     0x00003254       0x8c ../core/openbeacon/src/crc8.o
                0x00003254                crc8
 .text.crc16    0x000032e0       0xc8 ../core/openbeacon/src/crc16.o
                0x000032e0                crc16
 .text.xxtea_encode
                0x000033a8      0x278 ../core/openbeacon/src/xxtea.o
                0x000033a8                xxtea_encode
 .text.xxtea_decode
                0x00003620      0x298 ../core/openbeacon/src/xxtea.o
                0x00003620                xxtea_decode
 .text.tiny_vsprintf
                0x000038b8      0x82c ../core/openbeacon/src/debug_printf.o
                0x000038b8                tiny_vsprintf
 .text.debug_printf
                0x000040e4       0x20 ../core/openbeacon/src/debug_printf.o
                0x000040e4                debug_printf
 .text.hex_char
                0x00004104       0x10 ../core/openbeacon/src/debug_printf.o
                0x00004104                hex_char
 .text.hex_dump
                0x00004114      0x5f0 ../core/openbeacon/src/debug_printf.o
                0x00004114                hex_dump
 *(.rodata)
 *(.rodata*)
 .rodata.xxtea_key
                0x00004704       0x10 src/main.o
 .rodata.broadcast_mac
                0x00004714        0x8 src/main.o
 .rodata.str1.4
                0x0000471c      0x4db src/main.o
                                0x4dc (size before relaxing)
 *fill*         0x00004bf7        0x1 00
 .rodata.C.0.6685
                0x00004bf8        0x4 src/nRF_API.o
 .rodata.rfbroadcast_mac
                0x00004bfc        0x8 src/nRF_API.o
                0x00004bfc                rfbroadcast_mac
 .rodata.f_volume_label.5738
                0x00004c04       0x14 src/storage.o
 .rodata.f_version.5746
                0x00004c18       0x14 src/storage.o
 .rodata.autorun_inf.5747
                0x00004c2c       0x24 src/storage.o
 .rodata.str1.4
                0x00004c50       0x78 src/storage.o
 .rodata.cmd_read_status.5660
                0x00004cc8        0x1 src/storage.o
 *fill*         0x00004cc9        0x3 00
 .rodata.f_autorun.5748
                0x00004ccc       0x14 src/storage.o
 .rodata.f_readme.5744
                0x00004ce0       0x14 src/storage.o
 .rodata.version.5745
                0x00004cf4       0x1c src/storage.o
 .rodata.cmd_jedec_read_id.5732
                0x00004d10        0x1 src/storage.o
 *fill*         0x00004d11        0x3 00
 .rodata.readme.5743
                0x00004d14       0x7c src/storage.o
 .rodata.bt_init_strings
                0x00004d90       0x18 src/bluetooth.o
 .rodata.str1.4
                0x00004da8       0x54 src/bluetooth.o
 .rodata.str1.4
                0x00004dfc       0x21 src/3d_acceleration.o
                                 0x24 (size before relaxing)
 *fill*         0x00004e1d        0x3 00
 .rodata.CSWTCH.6
                0x00004e20       0x40 ../core/cmsis/src/system_LPC13xx.o
 .rodata.MscDevInfo.5484
                0x00004e60       0x24 ../core/openbeacon/src/msd.o
 .rodata.SCSI_Inquiry_String.5483
                0x00004e84       0x1c ../core/openbeacon/src/msd.o
 .rodata.DeviceInfo.5485
                0x00004ea0        0x8 ../core/openbeacon/src/msd.o
 .rodata.USB_StringDescriptor
                0x00004ea8       0x70 ../core/openbeacon/src/msd.o
                0x00004ea8                USB_StringDescriptor
 .rodata.DiskBPB
                0x00004f18       0x40 ../core/openbeacon/src/vfs.o
                0x00004f18                DiskBPB
 .rodata.DiskSignature
                0x00004f58        0x4 ../core/openbeacon/src/vfs.o
                0x00004f58                DiskSignature
 .rodata.BootSignature.5634
                0x00004f5c        0x2 ../core/openbeacon/src/vfs.o
 *fill*         0x00004f5e        0x2 00
 .rodata.DiskPartitionTableEntry.5633
                0x00004f60       0x10 ../core/openbeacon/src/vfs.o
 .rodata.DiskRecord.5635
                0x00004f70       0x90 ../core/openbeacon/src/vfs.o
 .rodata.str1.4
                0x00005000       0x13 ../core/openbeacon/src/spi.o
                                 0x14 (size before relaxing)
 *fill*         0x00005013        0x1 00
 .rodata.cmd.5480
                0x00005014        0x4 ../core/openbeacon/src/iap.o
 .rodata.crc8_table
                0x00005018      0x100 ../core/openbeacon/src/crc8.o
 .rodata.str1.4
                0x00005118       0x7c ../core/openbeacon/src/debug_printf.o
                                 0x80 (size before relaxing)
 *(.glue_7)
 .glue_7        0x00000000        0x0 linker stubs
 *(.glue_7t)
 .glue_7t       0x00000000        0x0 linker stubs
                0x00005194                __end_of_text__ = .

.vfp11_veneer   0x00005194        0x0
 .vfp11_veneer  0x00000000        0x0 linker stubs

.v4_bx          0x00005194        0x0
 .v4_bx         0x00000000        0x0 linker stubs

.persistent     0x10000180        0x0
                0x10000180                __persistent_beg__ = .
 *(.persistent)
 *(.persistent.*)
                0x10000180                __persistent_end__ = .
 *(.persistent_manage)
 *(.persistent_manage.*)

.data           0x10000180       0x84 load address 0x00005194
                0x10000180                __data_beg__ = .
                0x00005194                __data_beg_src__ = __end_of_text__
 *(.data)
 *(.data.*)
 .data.my_mac   0x10000180        0x8 src/main.o
 .data.v2.5791  0x10000188        0x4 src/main.o
 .data.v1.5790  0x1000018c        0x4 src/main.o
 .data.f_logfile.5742
                0x10000190       0x14 src/storage.o
 .data.storage_logtxt_name.5739
                0x100001a4        0xc src/storage.o
 .data.f_logtxt.5740
                0x100001b0       0x14 src/storage.o
 .data.storage_logfile_name.5741
                0x100001c4        0xc src/storage.o
 .data.bt_device_id_string
                0x100001d0       0x1c src/bluetooth.o
 .data.SystemCoreClock
                0x100001ec        0x4 ../core/cmsis/src/system_LPC13xx.o
                0x100001ec                SystemCoreClock
 .data.UARTTxEmpty
                0x100001f0        0x1 ../core/peripherals/src/uart.o
                0x100001f0                UARTTxEmpty
 *fill*         0x100001f1        0x3 00
 .data.LPC_GPIO
                0x100001f4       0x10 ../core/peripherals/src/gpio.o
                0x100001f4                LPC_GPIO
 *(.fastrun)
 *(.ramfunc)
                0x10000204                __data_end__ = .
                0x10000204                __exidx_start = .

.ARM.exidx
 *(.ARM.exidx* .gnu.linkonce.armexidx.*)
                0x10000204                __exidx_end = .

.bss            0x10000204      0x784 load address 0x00005218
                0x10000204                __bss_beg__ = .
 *(.bss)
 *(.bss.*)
 .bss.rs        0x10000204        0x4 src/main.o
 .bss.g_Log     0x10000208       0x10 src/main.o
 .bss.random_seed
                0x10000218        0x4 src/main.o
 .bss.g_storage_items
                0x1000021c        0x4 src/main.o
 .bss.tag_id    0x10000220        0x2 src/main.o
 *fill*         0x10000222        0x2 00
 .bss.sa        0x10000224      0x644 src/main.o
 .bss.MsgSeq    0x10000868        0x2 src/main.o
 *fill*         0x1000086a        0x2 00
 .bss.dtnMsg    0x1000086c       0x10 src/main.o
 .bss.device_uuid
                0x1000087c       0x10 src/main.o
 .bss.g_sleeping
                0x1000088c        0x1 src/pmu.o
 *fill*         0x1000088d        0x3 00
 .bss.g_sysahbclkctrl
                0x10000890        0x4 src/pmu.o
 .bss.spi_outbuf
                0x10000894       0x24 src/nRF_CMD.o
 .bss.spi_inbuf
                0x100008b8       0x24 src/nRF_CMD.o
 .bss.g_device_id
                0x100008dc        0x2 src/storage.o
 *fill*         0x100008de        0x2 00
 .bss.g_log_items
                0x100008e0        0x4 src/storage.o
 .bss.cIOsize   0x100008e4        0x4 src/customIO.o
 .bss.cIObuffer
                0x100008e8        0x4 src/customIO.o
 .bss.UARTBuffer
                0x100008ec       0x40 ../core/peripherals/src/uart.o
                0x100008ec                UARTBuffer
 .bss.UARTStatus
                0x1000092c        0x4 ../core/peripherals/src/uart.o
                0x1000092c                UARTStatus
 .bss.UARTCount
                0x10000930        0x4 ../core/peripherals/src/uart.o
                0x10000930                UARTCount
 .bss.file.5563
                0x10000934        0x4 ../core/openbeacon/src/vfs.o
 .bss.cluster_file_end.5565
                0x10000938        0x4 ../core/openbeacon/src/vfs.o
 .bss.cluster_file_start.5564
                0x1000093c        0x4 ../core/openbeacon/src/vfs.o
 .bss.root_directory
                0x10000940        0x4 ../core/openbeacon/src/vfs.o
 .bss.tmp.5531  0x10000944       0x44 ../core/openbeacon/src/debug_printf.o
                0x10000988                __bss_end__ = .
                0x10000988                . = ALIGN (0x4)
                0x10000988                _end = .
                0x10000988                _bss_end__ = .
                0x10000988                __bss_end__ = .
                0x10000988                __end__ = .
                0x10000988                PROVIDE (end, .)
                0x10000988                . = ALIGN (0x4)
OUTPUT(openbeacon-usb2.elf elf32-littlearm)

.debug_abbrev   0x00000000     0x3565
 .debug_abbrev  0x00000000      0x379 src/main.o
 .debug_abbrev  0x00000379      0x263 src/pmu.o
 .debug_abbrev  0x000005dc      0x338 src/nRF_CMD.o
 .debug_abbrev  0x00000914      0x3ba src/nRF_API.o
 .debug_abbrev  0x00000cce      0x315 src/storage.o
 .debug_abbrev  0x00000fe3      0x17b src/customIO.o
 .debug_abbrev  0x0000115e      0x1bd src/bluetooth.o
 .debug_abbrev  0x0000131b      0x297 src/dtn_queue.o
 .debug_abbrev  0x000015b2      0x22e src/3d_acceleration.o
 .debug_abbrev  0x000017e0       0xc3 ../core/cmsis/src/core_cm3.o
 .debug_abbrev  0x000018a3      0x112 ../core/cmsis/src/system_LPC13xx.o
 .debug_abbrev  0x000019b5       0xd2 ../core/startup/LPC13xx.o
 .debug_abbrev  0x00001a87      0x230 ../core/peripherals/src/uart.o
 .debug_abbrev  0x00001cb7      0x131 ../core/peripherals/src/gpio.o
 .debug_abbrev  0x00001de8       0xed ../core/peripherals/src/usb/cdcusbdesc.o
 .debug_abbrev  0x00001ed5       0xed ../core/peripherals/src/usb/cdcuser.o
 .debug_abbrev  0x00001fc2       0xed ../core/peripherals/src/usb/usbcore.o
 .debug_abbrev  0x000020af       0xed ../core/peripherals/src/usb/usbhw.o
 .debug_abbrev  0x0000219c       0xed ../core/peripherals/src/usb/usbuser.o
 .debug_abbrev  0x00002289       0x2a ../core/freertos/src/heap_2.o
 .debug_abbrev  0x000022b3       0x2a ../core/freertos/src/list.o
 .debug_abbrev  0x000022dd        0x1 ../core/freertos/src/port.o
 .debug_abbrev  0x000022de       0x2a ../core/freertos/src/queue.o
 .debug_abbrev  0x00002308       0x2a ../core/freertos/src/tasks.o
 .debug_abbrev  0x00002332      0x1b7 ../core/openbeacon/src/msd.o
 .debug_abbrev  0x000024e9      0x270 ../core/openbeacon/src/vfs.o
 .debug_abbrev  0x00002759       0xed ../core/openbeacon/src/hid.o
 .debug_abbrev  0x00002846      0x28e ../core/openbeacon/src/spi.o
 .debug_abbrev  0x00002ad4      0x143 ../core/openbeacon/src/iap.o
 .debug_abbrev  0x00002c17      0x135 ../core/openbeacon/src/crc8.o
 .debug_abbrev  0x00002d4c      0x17d ../core/openbeacon/src/crc16.o
 .debug_abbrev  0x00002ec9      0x1dd ../core/openbeacon/src/xxtea.o
 .debug_abbrev  0x000030a6       0xed ../core/openbeacon/src/rfid.o
 .debug_abbrev  0x00003193       0xed ../core/openbeacon/src/persistent.o
 .debug_abbrev  0x00003280      0x2e5 ../core/openbeacon/src/debug_printf.o

.debug_info     0x00000000     0xe0a4
 .debug_info    0x00000000     0x21b5 src/main.o
 .debug_info    0x000021b5     0x10df src/pmu.o
 .debug_info    0x00003294     0x13b1 src/nRF_CMD.o
 .debug_info    0x00004645      0xb41 src/nRF_API.o
 .debug_info    0x00005186      0xb26 src/storage.o
 .debug_info    0x00005cac      0x324 src/customIO.o
 .debug_info    0x00005fd0      0x749 src/bluetooth.o
 .debug_info    0x00006719      0x789 src/dtn_queue.o
 .debug_info    0x00006ea2      0x958 src/3d_acceleration.o
 .debug_info    0x000077fa      0x4af ../core/cmsis/src/core_cm3.o
 .debug_info    0x00007ca9      0x573 ../core/cmsis/src/system_LPC13xx.o
 .debug_info    0x0000821c      0x1fb ../core/startup/LPC13xx.o
 .debug_info    0x00008417      0xf86 ../core/peripherals/src/uart.o
 .debug_info    0x0000939d      0x665 ../core/peripherals/src/gpio.o
 .debug_info    0x00009a02      0x20a ../core/peripherals/src/usb/cdcusbdesc.o
 .debug_info    0x00009c0c      0x20a ../core/peripherals/src/usb/cdcuser.o
 .debug_info    0x00009e16      0x20a ../core/peripherals/src/usb/usbcore.o
 .debug_info    0x0000a020      0x20a ../core/peripherals/src/usb/usbhw.o
 .debug_info    0x0000a22a      0x20a ../core/peripherals/src/usb/usbuser.o
 .debug_info    0x0000a434       0x73 ../core/freertos/src/heap_2.o
 .debug_info    0x0000a4a7       0x73 ../core/freertos/src/list.o
 .debug_info    0x0000a51a        0x0 ../core/freertos/src/port.o
 .debug_info    0x0000a51a       0x73 ../core/freertos/src/queue.o
 .debug_info    0x0000a58d       0x73 ../core/freertos/src/tasks.o
 .debug_info    0x0000a600      0x8fd ../core/openbeacon/src/msd.o
 .debug_info    0x0000aefd      0xafa ../core/openbeacon/src/vfs.o
 .debug_info    0x0000b9f7      0x20a ../core/openbeacon/src/hid.o
 .debug_info    0x0000bc01      0xd11 ../core/openbeacon/src/spi.o
 .debug_info    0x0000c912      0x2db ../core/openbeacon/src/iap.o
 .debug_info    0x0000cbed      0x295 ../core/openbeacon/src/crc8.o
 .debug_info    0x0000ce82      0x301 ../core/openbeacon/src/crc16.o
 .debug_info    0x0000d183      0x47e ../core/openbeacon/src/xxtea.o
 .debug_info    0x0000d601      0x20a ../core/openbeacon/src/rfid.o
 .debug_info    0x0000d80b      0x20a ../core/openbeacon/src/persistent.o
 .debug_info    0x0000da15      0x68f ../core/openbeacon/src/debug_printf.o

.debug_line     0x00000000     0x433a
 .debug_line    0x00000000      0x98d src/main.o
 .debug_line    0x0000098d      0x282 src/pmu.o
 .debug_line    0x00000c0f      0x34a src/nRF_CMD.o
 .debug_line    0x00000f59      0x3e3 src/nRF_API.o
 .debug_line    0x0000133c      0x343 src/storage.o
 .debug_line    0x0000167f      0x1bc src/customIO.o
 .debug_line    0x0000183b      0x19d src/bluetooth.o
 .debug_line    0x000019d8      0x2ca src/dtn_queue.o
 .debug_line    0x00001ca2      0x226 src/3d_acceleration.o
 .debug_line    0x00001ec8      0x21b ../core/cmsis/src/core_cm3.o
 .debug_line    0x000020e3      0x1a0 ../core/cmsis/src/system_LPC13xx.o
 .debug_line    0x00002283       0xfa ../core/startup/LPC13xx.o
 .debug_line    0x0000237d      0x20d ../core/peripherals/src/uart.o
 .debug_line    0x0000258a      0x10d ../core/peripherals/src/gpio.o
 .debug_line    0x00002697       0xda ../core/peripherals/src/usb/cdcusbdesc.o
 .debug_line    0x00002771       0xda ../core/peripherals/src/usb/cdcuser.o
 .debug_line    0x0000284b       0xda ../core/peripherals/src/usb/usbcore.o
 .debug_line    0x00002925       0xda ../core/peripherals/src/usb/usbhw.o
 .debug_line    0x000029ff       0xda ../core/peripherals/src/usb/usbuser.o
 .debug_line    0x00002ad9       0x1d ../core/freertos/src/heap_2.o
 .debug_line    0x00002af6       0x1d ../core/freertos/src/list.o
 .debug_line    0x00002b13        0x0 ../core/freertos/src/port.o
 .debug_line    0x00002b13       0x1d ../core/freertos/src/queue.o
 .debug_line    0x00002b30       0x1d ../core/freertos/src/tasks.o
 .debug_line    0x00002b4d      0x15f ../core/openbeacon/src/msd.o
 .debug_line    0x00002cac      0x4b0 ../core/openbeacon/src/vfs.o
 .debug_line    0x0000315c       0xda ../core/openbeacon/src/hid.o
 .debug_line    0x00003236      0x2a5 ../core/openbeacon/src/spi.o
 .debug_line    0x000034db      0x13d ../core/openbeacon/src/iap.o
 .debug_line    0x00003618      0x11c ../core/openbeacon/src/crc8.o
 .debug_line    0x00003734      0x1c8 ../core/openbeacon/src/crc16.o
 .debug_line    0x000038fc      0x3b9 ../core/openbeacon/src/xxtea.o
 .debug_line    0x00003cb5       0xda ../core/openbeacon/src/rfid.o
 .debug_line    0x00003d8f       0xda ../core/openbeacon/src/persistent.o
 .debug_line    0x00003e69      0x4d1 ../core/openbeacon/src/debug_printf.o

.debug_loc      0x00000000     0x5d3e
 .debug_loc     0x00000000      0xb2c src/main.o
 .debug_loc     0x00000b2c       0x73 src/pmu.o
 .debug_loc     0x00000b9f      0x53c src/nRF_CMD.o
 .debug_loc     0x000010db      0x512 src/nRF_API.o
 .debug_loc     0x000015ed      0x7c5 src/storage.o
 .debug_loc     0x00001db2       0xe6 src/customIO.o
 .debug_loc     0x00001e98       0xa2 src/bluetooth.o
 .debug_loc     0x00001f3a      0x2dd src/dtn_queue.o
 .debug_loc     0x00002217      0x21b src/3d_acceleration.o
 .debug_loc     0x00002432      0x20c ../core/cmsis/src/core_cm3.o
 .debug_loc     0x0000263e       0x87 ../core/cmsis/src/system_LPC13xx.o
 .debug_loc     0x000026c5       0x33 ../core/startup/LPC13xx.o
 .debug_loc     0x000026f8      0x12e ../core/peripherals/src/uart.o
 .debug_loc     0x00002826       0x77 ../core/openbeacon/src/msd.o
 .debug_loc     0x0000289d     0x1833 ../core/openbeacon/src/vfs.o
 .debug_loc     0x000040d0      0x2ef ../core/openbeacon/src/spi.o
 .debug_loc     0x000043bf       0x5e ../core/openbeacon/src/iap.o
 .debug_loc     0x0000441d       0x75 ../core/openbeacon/src/crc8.o
 .debug_loc     0x00004492      0x19c ../core/openbeacon/src/crc16.o
 .debug_loc     0x0000462e      0x531 ../core/openbeacon/src/xxtea.o
 .debug_loc     0x00004b5f     0x11df ../core/openbeacon/src/debug_printf.o

.debug_pubnames
                0x00000000      0xba8
 .debug_pubnames
                0x00000000       0x47 src/main.o
 .debug_pubnames
                0x00000047       0x61 src/pmu.o
 .debug_pubnames
                0x000000a8      0x14f src/nRF_CMD.o
 .debug_pubnames
                0x000001f7      0x273 src/nRF_API.o
 .debug_pubnames
                0x0000046a       0x8f src/storage.o
 .debug_pubnames
                0x000004f9       0x35 src/customIO.o
 .debug_pubnames
                0x0000052e       0x1e src/bluetooth.o
 .debug_pubnames
                0x0000054c       0x9e src/dtn_queue.o
 .debug_pubnames
                0x000005ea       0x4d src/3d_acceleration.o
 .debug_pubnames
                0x00000637      0x13f ../core/cmsis/src/core_cm3.o
 .debug_pubnames
                0x00000776       0x4f ../core/cmsis/src/system_LPC13xx.o
 .debug_pubnames
                0x000007c5       0xec ../core/startup/LPC13xx.o
 .debug_pubnames
                0x000008b1       0x8d ../core/peripherals/src/uart.o
 .debug_pubnames
                0x0000093e       0x2c ../core/peripherals/src/gpio.o
 .debug_pubnames
                0x0000096a       0x4b ../core/openbeacon/src/msd.o
 .debug_pubnames
                0x000009b5       0x67 ../core/openbeacon/src/vfs.o
 .debug_pubnames
                0x00000a1c       0x6c ../core/openbeacon/src/spi.o
 .debug_pubnames
                0x00000a88       0x36 ../core/openbeacon/src/iap.o
 .debug_pubnames
                0x00000abe       0x1b ../core/openbeacon/src/crc8.o
 .debug_pubnames
                0x00000ad9       0x27 ../core/openbeacon/src/crc16.o
 .debug_pubnames
                0x00000b00       0x34 ../core/openbeacon/src/xxtea.o
 .debug_pubnames
                0x00000b34       0x74 ../core/openbeacon/src/debug_printf.o

.debug_pubtypes
                0x00000000      0xc86
 .debug_pubtypes
                0x00000000      0x118 src/main.o
 .debug_pubtypes
                0x00000118       0xd4 src/pmu.o
 .debug_pubtypes
                0x000001ec       0x9d src/nRF_CMD.o
 .debug_pubtypes
                0x00000289       0x40 src/nRF_API.o
 .debug_pubtypes
                0x000002c9       0xa6 src/storage.o
 .debug_pubtypes
                0x0000036f       0x76 src/customIO.o
 .debug_pubtypes
                0x000003e5       0x63 src/bluetooth.o
 .debug_pubtypes
                0x00000448       0x68 src/dtn_queue.o
 .debug_pubtypes
                0x000004b0       0x6c src/3d_acceleration.o
 .debug_pubtypes
                0x0000051c       0x50 ../core/cmsis/src/core_cm3.o
 .debug_pubtypes
                0x0000056c       0x36 ../core/cmsis/src/system_LPC13xx.o
 .debug_pubtypes
                0x000005a2       0x12 ../core/startup/LPC13xx.o
 .debug_pubtypes
                0x000005b4       0xb0 ../core/peripherals/src/uart.o
 .debug_pubtypes
                0x00000664       0x4b ../core/peripherals/src/gpio.o
 .debug_pubtypes
                0x000006af       0x34 ../core/peripherals/src/usb/cdcusbdesc.o
 .debug_pubtypes
                0x000006e3       0x34 ../core/peripherals/src/usb/cdcuser.o
 .debug_pubtypes
                0x00000717       0x34 ../core/peripherals/src/usb/usbcore.o
 .debug_pubtypes
                0x0000074b       0x34 ../core/peripherals/src/usb/usbhw.o
 .debug_pubtypes
                0x0000077f       0x34 ../core/peripherals/src/usb/usbuser.o
 .debug_pubtypes
                0x000007b3       0x12 ../core/freertos/src/heap_2.o
 .debug_pubtypes
                0x000007c5       0x12 ../core/freertos/src/list.o
 .debug_pubtypes
                0x000007d7       0x12 ../core/freertos/src/queue.o
 .debug_pubtypes
                0x000007e9       0x12 ../core/freertos/src/tasks.o
 .debug_pubtypes
                0x000007fb       0xd7 ../core/openbeacon/src/msd.o
 .debug_pubtypes
                0x000008d2      0x10d ../core/openbeacon/src/vfs.o
 .debug_pubtypes
                0x000009df       0x34 ../core/openbeacon/src/hid.o
 .debug_pubtypes
                0x00000a13       0x99 ../core/openbeacon/src/spi.o
 .debug_pubtypes
                0x00000aac       0x50 ../core/openbeacon/src/iap.o
 .debug_pubtypes
                0x00000afc       0x40 ../core/openbeacon/src/crc8.o
 .debug_pubtypes
                0x00000b3c       0x4d ../core/openbeacon/src/crc16.o
 .debug_pubtypes
                0x00000b89       0x34 ../core/openbeacon/src/xxtea.o
 .debug_pubtypes
                0x00000bbd       0x34 ../core/openbeacon/src/rfid.o
 .debug_pubtypes
                0x00000bf1       0x34 ../core/openbeacon/src/persistent.o
 .debug_pubtypes
                0x00000c25       0x61 ../core/openbeacon/src/debug_printf.o

.debug_aranges  0x00000000      0x6a0
 .debug_aranges
                0x00000000       0x38 src/main.o
 .debug_aranges
                0x00000038       0x38 src/pmu.o
 .debug_aranges
                0x00000070       0x90 src/nRF_CMD.o
 .debug_aranges
                0x00000100       0xf8 src/nRF_API.o
 .debug_aranges
                0x000001f8       0x68 src/storage.o
 .debug_aranges
                0x00000260       0x28 src/customIO.o
 .debug_aranges
                0x00000288       0x20 src/bluetooth.o
 .debug_aranges
                0x000002a8       0x70 src/dtn_queue.o
 .debug_aranges
                0x00000318       0x38 src/3d_acceleration.o
 .debug_aranges
                0x00000350       0xb8 ../core/cmsis/src/core_cm3.o
 .debug_aranges
                0x00000408       0x28 ../core/cmsis/src/system_LPC13xx.o
 .debug_aranges
                0x00000430       0x70 ../core/startup/LPC13xx.o
 .debug_aranges
                0x000004a0       0x38 ../core/peripherals/src/uart.o
 .debug_aranges
                0x000004d8       0x20 ../core/peripherals/src/gpio.o
 .debug_aranges
                0x000004f8       0x28 ../core/openbeacon/src/msd.o
 .debug_aranges
                0x00000520       0x58 ../core/openbeacon/src/vfs.o
 .debug_aranges
                0x00000578       0x48 ../core/openbeacon/src/spi.o
 .debug_aranges
                0x000005c0       0x28 ../core/openbeacon/src/iap.o
 .debug_aranges
                0x000005e8       0x20 ../core/openbeacon/src/crc8.o
 .debug_aranges
                0x00000608       0x28 ../core/openbeacon/src/crc16.o
 .debug_aranges
                0x00000630       0x28 ../core/openbeacon/src/xxtea.o
 .debug_aranges
                0x00000658       0x48 ../core/openbeacon/src/debug_printf.o

.debug_ranges   0x00000000     0x1480
 .debug_ranges  0x00000000      0x4f8 src/main.o
 .debug_ranges  0x000004f8       0xf8 src/pmu.o
 .debug_ranges  0x000005f0      0x240 src/nRF_CMD.o
 .debug_ranges  0x00000830      0x180 src/nRF_API.o
 .debug_ranges  0x000009b0       0xd8 src/storage.o
 .debug_ranges  0x00000a88       0x18 src/customIO.o
 .debug_ranges  0x00000aa0       0x90 src/bluetooth.o
 .debug_ranges  0x00000b30      0x178 src/dtn_queue.o
 .debug_ranges  0x00000ca8      0x2a0 src/3d_acceleration.o
 .debug_ranges  0x00000f48       0xa8 ../core/cmsis/src/core_cm3.o
 .debug_ranges  0x00000ff0       0x18 ../core/cmsis/src/system_LPC13xx.o
 .debug_ranges  0x00001008       0x60 ../core/startup/LPC13xx.o
 .debug_ranges  0x00001068       0x48 ../core/peripherals/src/uart.o
 .debug_ranges  0x000010b0       0x10 ../core/peripherals/src/gpio.o
 .debug_ranges  0x000010c0       0x18 ../core/openbeacon/src/msd.o
 .debug_ranges  0x000010d8       0x48 ../core/openbeacon/src/vfs.o
 .debug_ranges  0x00001120       0xe0 ../core/openbeacon/src/spi.o
 .debug_ranges  0x00001200       0x18 ../core/openbeacon/src/iap.o
 .debug_ranges  0x00001218       0x10 ../core/openbeacon/src/crc8.o
 .debug_ranges  0x00001228       0x58 ../core/openbeacon/src/crc16.o
 .debug_ranges  0x00001280      0x158 ../core/openbeacon/src/xxtea.o
 .debug_ranges  0x000013d8       0xa8 ../core/openbeacon/src/debug_printf.o

.debug_str      0x00000000     0x2049
 .debug_str     0x00000000      0x79f src/main.o
                                0x819 (size before relaxing)
 .debug_str     0x0000079f      0x574 src/pmu.o
                                0xb33 (size before relaxing)
 .debug_str     0x00000d13      0x163 src/nRF_CMD.o
                                0xba0 (size before relaxing)
 .debug_str     0x00000e76      0x255 src/nRF_API.o
                                0x3b1 (size before relaxing)
 .debug_str     0x000010cb      0x2ac src/storage.o
                                0x47c (size before relaxing)
 .debug_str     0x00001377       0x64 src/customIO.o
                                0x1ba (size before relaxing)
 .debug_str     0x000013db       0x48 src/bluetooth.o
                                0x36f (size before relaxing)
 .debug_str     0x00001423       0x62 src/dtn_queue.o
                                0x205 (size before relaxing)
 .debug_str     0x00001485       0x5c src/3d_acceleration.o
                                0x373 (size before relaxing)
 .debug_str     0x000014e1      0x139 ../core/cmsis/src/core_cm3.o
                                0x24e (size before relaxing)
 .debug_str     0x0000161a       0x5c ../core/cmsis/src/system_LPC13xx.o
                                0x419 (size before relaxing)
 .debug_str     0x00001676      0x113 ../core/startup/LPC13xx.o
                                0x1f3 (size before relaxing)
 .debug_str     0x00001789       0xef ../core/peripherals/src/uart.o
                                0xb14 (size before relaxing)
 .debug_str     0x00001878       0x28 ../core/peripherals/src/gpio.o
                                0x40c (size before relaxing)
 .debug_str     0x000018a0       0x29 ../core/peripherals/src/usb/cdcusbdesc.o
                                0x165 (size before relaxing)
 .debug_str     0x000018c9       0x26 ../core/peripherals/src/usb/cdcuser.o
                                0x162 (size before relaxing)
 .debug_str     0x000018ef       0x26 ../core/peripherals/src/usb/usbcore.o
                                0x162 (size before relaxing)
 .debug_str     0x00001915       0x24 ../core/peripherals/src/usb/usbhw.o
                                0x160 (size before relaxing)
 .debug_str     0x00001939       0x26 ../core/peripherals/src/usb/usbuser.o
                                0x162 (size before relaxing)
 .debug_str     0x0000195f       0x1e ../core/freertos/src/heap_2.o
                                0x103 (size before relaxing)
 .debug_str     0x0000197d       0x1c ../core/freertos/src/list.o
                                0x101 (size before relaxing)
 .debug_str     0x00001999       0x1d ../core/freertos/src/queue.o
                                0x102 (size before relaxing)
 .debug_str     0x000019b6       0x1d ../core/freertos/src/tasks.o
                                0x102 (size before relaxing)
 .debug_str     0x000019d3      0x148 ../core/openbeacon/src/msd.o
                                0x55c (size before relaxing)
 .debug_str     0x00001b1b      0x27d ../core/openbeacon/src/vfs.o
                                0x554 (size before relaxing)
 .debug_str     0x00001d98       0x1d ../core/openbeacon/src/hid.o
                                0x159 (size before relaxing)
 .debug_str     0x00001db5       0x9d ../core/openbeacon/src/spi.o
                                0x666 (size before relaxing)
 .debug_str     0x00001e52       0x42 ../core/openbeacon/src/iap.o
                                0x189 (size before relaxing)
 .debug_str     0x00001e94       0x2e ../core/openbeacon/src/crc8.o
                                0x17e (size before relaxing)
 .debug_str     0x00001ec2       0x26 ../core/openbeacon/src/crc16.o
                                0x185 (size before relaxing)
 .debug_str     0x00001ee8       0x4d ../core/openbeacon/src/xxtea.o
                                0x19e (size before relaxing)
 .debug_str     0x00001f35       0x1e ../core/openbeacon/src/rfid.o
                                0x15a (size before relaxing)
 .debug_str     0x00001f53       0x24 ../core/openbeacon/src/persistent.o
                                0x160 (size before relaxing)
 .debug_str     0x00001f77       0xd2 ../core/openbeacon/src/debug_printf.o
                                0x261 (size before relaxing)

.comment        0x00000000       0x2a
 .comment       0x00000000       0x2a src/main.o
                                 0x2b (size before relaxing)
 .comment       0x00000000       0x2b src/pmu.o
 .comment       0x00000000       0x2b src/nRF_CMD.o
 .comment       0x00000000       0x2b src/nRF_API.o
 .comment       0x00000000       0x2b src/storage.o
 .comment       0x00000000       0x2b src/customIO.o
 .comment       0x00000000       0x2b src/bluetooth.o
 .comment       0x00000000       0x2b src/dtn_queue.o
 .comment       0x00000000       0x2b src/3d_acceleration.o
 .comment       0x00000000       0x2b ../core/cmsis/src/core_cm3.o
 .comment       0x00000000       0x2b ../core/cmsis/src/system_LPC13xx.o
 .comment       0x00000000       0x2b ../core/startup/LPC13xx.o
 .comment       0x00000000       0x2b ../core/peripherals/src/uart.o
 .comment       0x00000000       0x2b ../core/peripherals/src/gpio.o
 .comment       0x00000000       0x2b ../core/peripherals/src/usb/cdcusbdesc.o
 .comment       0x00000000       0x2b ../core/peripherals/src/usb/cdcuser.o
 .comment       0x00000000       0x2b ../core/peripherals/src/usb/usbcore.o
 .comment       0x00000000       0x2b ../core/peripherals/src/usb/usbhw.o
 .comment       0x00000000       0x2b ../core/peripherals/src/usb/usbuser.o
 .comment       0x00000000       0x2b ../core/freertos/src/heap_2.o
 .comment       0x00000000       0x2b ../core/freertos/src/list.o
 .comment       0x00000000       0x2b ../core/freertos/src/port.o
 .comment       0x00000000       0x2b ../core/freertos/src/queue.o
 .comment       0x00000000       0x2b ../core/freertos/src/tasks.o
 .comment       0x00000000       0x2b ../core/openbeacon/src/msd.o
 .comment       0x00000000       0x2b ../core/openbeacon/src/vfs.o
 .comment       0x00000000       0x2b ../core/openbeacon/src/hid.o
 .comment       0x00000000       0x2b ../core/openbeacon/src/spi.o
 .comment       0x00000000       0x2b ../core/openbeacon/src/iap.o
 .comment       0x00000000       0x2b ../core/openbeacon/src/crc8.o
 .comment       0x00000000       0x2b ../core/openbeacon/src/crc16.o
 .comment       0x00000000       0x2b ../core/openbeacon/src/xxtea.o
 .comment       0x00000000       0x2b ../core/openbeacon/src/rfid.o
 .comment       0x00000000       0x2b ../core/openbeacon/src/persistent.o
 .comment       0x00000000       0x2b ../core/openbeacon/src/debug_printf.o

.ARM.attributes
                0x00000000       0x31
 .ARM.attributes
                0x00000000       0x31 src/main.o
 .ARM.attributes
                0x00000031       0x31 src/pmu.o
 .ARM.attributes
                0x00000062       0x31 src/nRF_CMD.o
 .ARM.attributes
                0x00000093       0x31 src/nRF_API.o
 .ARM.attributes
                0x000000c4       0x31 src/storage.o
 .ARM.attributes
                0x000000f5       0x31 src/customIO.o
 .ARM.attributes
                0x00000126       0x31 src/bluetooth.o
 .ARM.attributes
                0x00000157       0x31 src/dtn_queue.o
 .ARM.attributes
                0x00000188       0x31 src/3d_acceleration.o
 .ARM.attributes
                0x000001b9       0x31 ../core/cmsis/src/core_cm3.o
 .ARM.attributes
                0x000001ea       0x31 ../core/cmsis/src/system_LPC13xx.o
 .ARM.attributes
                0x0000021b       0x31 ../core/startup/LPC13xx.o
 .ARM.attributes
                0x0000024c       0x31 ../core/peripherals/src/uart.o
 .ARM.attributes
                0x0000027d       0x31 ../core/peripherals/src/gpio.o
 .ARM.attributes
                0x000002ae       0x31 ../core/peripherals/src/usb/cdcusbdesc.o
 .ARM.attributes
                0x000002df       0x31 ../core/peripherals/src/usb/cdcuser.o
 .ARM.attributes
                0x00000310       0x31 ../core/peripherals/src/usb/usbcore.o
 .ARM.attributes
                0x00000341       0x31 ../core/peripherals/src/usb/usbhw.o
 .ARM.attributes
                0x00000372       0x31 ../core/peripherals/src/usb/usbuser.o
 .ARM.attributes
                0x000003a3       0x31 ../core/freertos/src/heap_2.o
 .ARM.attributes
                0x000003d4       0x31 ../core/freertos/src/list.o
 .ARM.attributes
                0x00000405       0x31 ../core/freertos/src/port.o
 .ARM.attributes
                0x00000436       0x31 ../core/freertos/src/queue.o
 .ARM.attributes
                0x00000467       0x31 ../core/freertos/src/tasks.o
 .ARM.attributes
                0x00000498       0x31 ../core/openbeacon/src/msd.o
 .ARM.attributes
                0x000004c9       0x31 ../core/openbeacon/src/vfs.o
 .ARM.attributes
                0x000004fa       0x31 ../core/openbeacon/src/hid.o
 .ARM.attributes
                0x0000052b       0x31 ../core/openbeacon/src/spi.o
 .ARM.attributes
                0x0000055c       0x31 ../core/openbeacon/src/iap.o
 .ARM.attributes
                0x0000058d       0x31 ../core/openbeacon/src/crc8.o
 .ARM.attributes
                0x000005be       0x31 ../core/openbeacon/src/crc16.o
 .ARM.attributes
                0x000005ef       0x31 ../core/openbeacon/src/xxtea.o
 .ARM.attributes
                0x00000620       0x31 ../core/openbeacon/src/rfid.o
 .ARM.attributes
                0x00000651       0x31 ../core/openbeacon/src/persistent.o
 .ARM.attributes
                0x00000682       0x31 ../core/openbeacon/src/debug_printf.o
 .ARM.attributes
                0x000006b3       0x29 /home/massri/bin/arm-2011.03/bin/../lib/gcc/arm-none-eabi/4.5.2/../../../../arm-none-eabi/lib/thumb2/libc.a(lib_a-ctype_.o)
 .ARM.attributes
                0x000006dc       0x29 /home/massri/bin/arm-2011.03/bin/../lib/gcc/arm-none-eabi/4.5.2/../../../../arm-none-eabi/lib/thumb2/libc.a(lib_a-memcpy.o)
 .ARM.attributes
                0x00000705       0x29 /home/massri/bin/arm-2011.03/bin/../lib/gcc/arm-none-eabi/4.5.2/../../../../arm-none-eabi/lib/thumb2/libc.a(lib_a-memset.o)
 .ARM.attributes
                0x0000072e       0x29 /home/massri/bin/arm-2011.03/bin/../lib/gcc/arm-none-eabi/4.5.2/../../../../arm-none-eabi/lib/thumb2/libc.a(lib_a-strncpy.o)
 .ARM.attributes
                0x00000757       0x29 /home/massri/bin/arm-2011.03/bin/../lib/gcc/arm-none-eabi/4.5.2/../../../../arm-none-eabi/lib/thumb2/libc.a(lib_a-strnlen.o)

.debug_frame    0x00000000      0xfa4
 .debug_frame   0x00000000       0x90 src/main.o
 .debug_frame   0x00000090       0x70 src/pmu.o
 .debug_frame   0x00000100      0x198 src/nRF_CMD.o
 .debug_frame   0x00000298      0x234 src/nRF_API.o
 .debug_frame   0x000004cc      0x168 src/storage.o
 .debug_frame   0x00000634       0x50 src/customIO.o
 .debug_frame   0x00000684       0x34 src/bluetooth.o
 .debug_frame   0x000006b8      0x114 src/dtn_queue.o
 .debug_frame   0x000007cc       0x98 src/3d_acceleration.o
 .debug_frame   0x00000864      0x150 ../core/cmsis/src/core_cm3.o
 .debug_frame   0x000009b4       0x38 ../core/cmsis/src/system_LPC13xx.o
 .debug_frame   0x000009ec       0xd0 ../core/startup/LPC13xx.o
 .debug_frame   0x00000abc       0x60 ../core/peripherals/src/uart.o
 .debug_frame   0x00000b1c       0x20 ../core/peripherals/src/gpio.o
 .debug_frame   0x00000b3c       0x44 ../core/openbeacon/src/msd.o
 .debug_frame   0x00000b80       0xfc ../core/openbeacon/src/vfs.o
 .debug_frame   0x00000c7c       0x98 ../core/openbeacon/src/spi.o
 .debug_frame   0x00000d14       0x40 ../core/openbeacon/src/iap.o
 .debug_frame   0x00000d54       0x2c ../core/openbeacon/src/crc8.o
 .debug_frame   0x00000d80       0x44 ../core/openbeacon/src/crc16.o
 .debug_frame   0x00000dc4       0x60 ../core/openbeacon/src/xxtea.o
 .debug_frame   0x00000e24       0xd0 ../core/openbeacon/src/debug_printf.o
 .debug_frame   0x00000ef4       0x30 /home/massri/bin/arm-2011.03/bin/../lib/gcc/arm-none-eabi/4.5.2/../../../../arm-none-eabi/lib/thumb2/libc.a(lib_a-memcpy.o)
 .debug_frame   0x00000f24       0x2c /home/massri/bin/arm-2011.03/bin/../lib/gcc/arm-none-eabi/4.5.2/../../../../arm-none-eabi/lib/thumb2/libc.a(lib_a-memset.o)
 .debug_frame   0x00000f50       0x2c /home/massri/bin/arm-2011.03/bin/../lib/gcc/arm-none-eabi/4.5.2/../../../../arm-none-eabi/lib/thumb2/libc.a(lib_a-strncpy.o)
 .debug_frame   0x00000f7c       0x28 /home/massri/bin/arm-2011.03/bin/../lib/gcc/arm-none-eabi/4.5.2/../../../../arm-none-eabi/lib/thumb2/libc.a(lib_a-strnlen.o)
